------------------------------------------------------------
Timing Analyzer Summary
------------------------------------------------------------

Type  : Slow 1100mV 85C Model Setup 'CLOCK_50'
Slack : -9.282
TNS   : -385.755

Type  : Slow 1100mV 85C Model Hold 'CLOCK_50'
Slack : 0.381
TNS   : 0.000

Type  : Slow 1100mV 85C Model Minimum Pulse Width 'CLOCK_50'
Slack : -0.394
TNS   : -60.498

Type  : Slow 1100mV 0C Model Setup 'CLOCK_50'
Slack : -9.491
TNS   : -389.435

Type  : Slow 1100mV 0C Model Hold 'CLOCK_50'
Slack : 0.385
TNS   : 0.000

Type  : Slow 1100mV 0C Model Minimum Pulse Width 'CLOCK_50'
Slack : -0.394
TNS   : -65.583

Type  : Fast 1100mV 85C Model Setup 'CLOCK_50'
Slack : -4.596
TNS   : -170.744

Type  : Fast 1100mV 85C Model Hold 'CLOCK_50'
Slack : 0.186
TNS   : 0.000

Type  : Fast 1100mV 85C Model Minimum Pulse Width 'CLOCK_50'
Slack : -0.085
TNS   : -9.143

Type  : Fast 1100mV 0C Model Setup 'CLOCK_50'
Slack : -4.272
TNS   : -151.038

Type  : Fast 1100mV 0C Model Hold 'CLOCK_50'
Slack : 0.176
TNS   : 0.000

Type  : Fast 1100mV 0C Model Minimum Pulse Width 'CLOCK_50'
Slack : -0.088
TNS   : -9.455

------------------------------------------------------------
