------------------------------------------------------------
Timing Analyzer Summary
------------------------------------------------------------

Type  : Slow 1100mV 85C Model Setup 'CLOCK_50'
Slack : -11.626
TNS   : -1175.819

Type  : Slow 1100mV 85C Model Setup 'SW[0]'
Slack : -4.639
TNS   : -67.346

Type  : Slow 1100mV 85C Model Hold 'CLOCK_50'
Slack : 0.371
TNS   : 0.000

Type  : Slow 1100mV 85C Model Hold 'SW[0]'
Slack : 1.611
TNS   : 0.000

Type  : Slow 1100mV 85C Model Recovery 'CLOCK_50'
Slack : -3.045
TNS   : -632.870

Type  : Slow 1100mV 85C Model Removal 'CLOCK_50'
Slack : 0.765
TNS   : 0.000

Type  : Slow 1100mV 85C Model Minimum Pulse Width 'CLOCK_50'
Slack : -2.225
TNS   : -263.221

Type  : Slow 1100mV 85C Model Minimum Pulse Width 'SW[0]'
Slack : 0.294
TNS   : 0.000

Type  : Slow 1100mV 0C Model Setup 'CLOCK_50'
Slack : -11.529
TNS   : -1142.058

Type  : Slow 1100mV 0C Model Setup 'SW[0]'
Slack : -4.671
TNS   : -68.590

Type  : Slow 1100mV 0C Model Hold 'CLOCK_50'
Slack : 0.234
TNS   : 0.000

Type  : Slow 1100mV 0C Model Hold 'SW[0]'
Slack : 1.641
TNS   : 0.000

Type  : Slow 1100mV 0C Model Recovery 'CLOCK_50'
Slack : -2.720
TNS   : -564.145

Type  : Slow 1100mV 0C Model Removal 'CLOCK_50'
Slack : 0.408
TNS   : 0.000

Type  : Slow 1100mV 0C Model Minimum Pulse Width 'CLOCK_50'
Slack : -2.225
TNS   : -270.651

Type  : Slow 1100mV 0C Model Minimum Pulse Width 'SW[0]'
Slack : 0.254
TNS   : 0.000

Type  : Fast 1100mV 85C Model Setup 'CLOCK_50'
Slack : -6.352
TNS   : -628.971

Type  : Fast 1100mV 85C Model Setup 'SW[0]'
Slack : -2.705
TNS   : -38.225

Type  : Fast 1100mV 85C Model Hold 'CLOCK_50'
Slack : 0.182
TNS   : 0.000

Type  : Fast 1100mV 85C Model Hold 'SW[0]'
Slack : 0.950
TNS   : 0.000

Type  : Fast 1100mV 85C Model Recovery 'CLOCK_50'
Slack : -2.239
TNS   : -467.438

Type  : Fast 1100mV 85C Model Removal 'CLOCK_50'
Slack : 0.486
TNS   : 0.000

Type  : Fast 1100mV 85C Model Minimum Pulse Width 'CLOCK_50'
Slack : -1.702
TNS   : -146.452

Type  : Fast 1100mV 85C Model Minimum Pulse Width 'SW[0]'
Slack : -0.015
TNS   : -0.028

Type  : Fast 1100mV 0C Model Setup 'CLOCK_50'
Slack : -5.744
TNS   : -543.744

Type  : Fast 1100mV 0C Model Setup 'SW[0]'
Slack : -2.383
TNS   : -33.898

Type  : Fast 1100mV 0C Model Hold 'CLOCK_50'
Slack : 0.152
TNS   : 0.000

Type  : Fast 1100mV 0C Model Hold 'SW[0]'
Slack : 0.854
TNS   : 0.000

Type  : Fast 1100mV 0C Model Recovery 'CLOCK_50'
Slack : -1.918
TNS   : -399.239

Type  : Fast 1100mV 0C Model Removal 'CLOCK_50'
Slack : 0.252
TNS   : 0.000

Type  : Fast 1100mV 0C Model Minimum Pulse Width 'CLOCK_50'
Slack : -1.702
TNS   : -146.350

Type  : Fast 1100mV 0C Model Minimum Pulse Width 'SW[0]'
Slack : -0.024
TNS   : -0.048

------------------------------------------------------------
